../Core/Src/main.c:35:8:f1	16	static
../Core/Src/main.c:39:8:f2	24	static
../Core/Src/main.c:43:5:Dominance	32	static
../Core/Src/main.c:50:8:euclidean	56	static
../Core/Src/main.c:54:8:rand_double	32	static
../Core/Src/main.c:59:5:main	136	static
../Core/Src/main.c:138:5:__io_putchar	16	static
../Core/Src/main.c:144:6:SystemClock_Config	88	static
../Core/Src/main.c:178:13:MX_GPIO_Init	16	static
../Core/Src/main.c:184:13:MX_USART1_UART_Init	8	static
../Core/Src/main.c:201:6:Error_Handler	8	static,ignoring_inline_asm
