../Core/Src/main.c:35:8:f1	24	static
../Core/Src/main.c:46:8:f2	24	static
../Core/Src/main.c:50:5:Dominance	32	static
../Core/Src/main.c:57:8:euclidean	56	static
../Core/Src/main.c:61:8:rand_double	32	static
../Core/Src/main.c:66:5:main	136	static
../Core/Src/main.c:141:5:__io_putchar	16	static
../Core/Src/main.c:148:6:SystemClock_Config	88	static
../Core/Src/main.c:182:13:MX_USART1_UART_Init	8	static
../Core/Src/main.c:198:13:MX_GPIO_Init	16	static
../Core/Src/main.c:204:6:Error_Handler	8	static,ignoring_inline_asm
